{"timestamp":"2026-09-18T15:47:56.987850Z","level":"info","event":"::group::Pre Execute","logger":"task","filename":"task_runner.py","lineno":2412}
{"timestamp":"2026-09-18T15:47:57.011220Z","level":"info","event":"DAG bundles loaded: dags-folder","dag_id":"customer360_etl_pipeline","task_id":"run_sql_script","map_index":-1,"try_number":1,"ti_id":"01a0b533-f441-75c6-873e-df09a59e15e0","run_id":"manual__2026-09-18T15:47:56.048164+00:00","logger":"airflow.dag_processing.bundles.manager.DagBundlesManager","filename":"manager.py","lineno":304}
{"timestamp":"2026-09-18T15:47:57.013937Z","level":"info","event":"Filling up the DagBag from /opt/airflow/dags/customer360_dag.py","dag_id":"customer360_etl_pipeline","task_id":"run_sql_script","map_index":-1,"try_number":1,"ti_id":"01a0b533-f441-75c6-873e-df09a59e15e0","run_id":"manual__2026-09-18T15:47:56.048164+00:00","logger":"airflow.dag_processing.dagbag.BundleDagBag","filename":"dagbag.py","lineno":460}
{"timestamp":"2026-09-18T15:47:57.567372Z","level":"warning","event":"The `airflow.operators.python.PythonOperator` attribute is deprecated. Please use `'airflow.providers.standard.operators.python.PythonOperator'`.","category":"UserWarning","filename":"/opt/airflow/dags/customer360_dag.py","lineno":22,"dag_id":"customer360_etl_pipeline","task_id":"run_sql_script","map_index":-1,"try_number":1,"ti_id":"01a0b533-f441-75c6-873e-df09a59e15e0","run_id":"manual__2026-09-18T15:47:56.048164+00:00","logger":"py.warnings"}
{"timestamp":"2026-09-18T15:47:57.570782Z","level":"info","event":"Worker startup parse complete","bundle_name":"dags-folder","bundle_version":null,"dag_file":"customer360_dag.py","dag_id":"customer360_etl_pipeline","bundle_prepare_ms":3,"dag_file_parse_ms":557,"task_id":"run_sql_script","map_index":-1,"try_number":1,"ti_id":"01a0b533-f441-75c6-873e-df09a59e15e0","run_id":"manual__2026-09-18T15:47:56.048164+00:00","logger":"task","filename":"task_runner.py","lineno":1073}
{"timestamp":"2026-09-18T15:47:57.605091Z","level":"info","event":"::endgroup::","dag_id":"customer360_etl_pipeline","task_id":"run_sql_script","map_index":-1,"try_number":1,"ti_id":"01a0b533-f441-75c6-873e-df09a59e15e0","run_id":"manual__2026-09-18T15:47:56.048164+00:00","logger":"task","filename":"task_runner.py","lineno":2232}
{"timestamp":"2026-09-18T15:47:57.610983Z","level":"info","event":"Running SQL script: /opt/airflow/Script-16.sql.sql","logger":"root","dag_id":"customer360_etl_pipeline","task_id":"run_sql_script","map_index":-1,"try_number":1,"ti_id":"01a0b533-f441-75c6-873e-df09a59e15e0","run_id":"manual__2026-09-18T15:47:56.048164+00:00","filename":"postgresql.py","lineno":75}
{"timestamp":"2026-09-18T15:47:57.710168Z","level":"error","event":"psql:/opt/airflow/Script-16.sql.sql:4: NOTICE:  schema \"stg\" already exists, skipping","logger":"task.stderr"}
{"timestamp":"2026-09-18T15:47:57.710845Z","level":"info","event":"CREATE SCHEMA","logger":"task.stdout"}
{"timestamp":"2026-09-18T15:47:57.711637Z","level":"error","event":"psql:/opt/airflow/Script-16.sql.sql:5: NOTICE:  schema \"dwh\" already exists, skipping","logger":"task.stderr"}
{"timestamp":"2026-09-18T15:47:57.712053Z","level":"info","event":"CREATE SCHEMA","logger":"task.stdout"}
{"timestamp":"2026-09-18T15:47:57.734209Z","level":"info","event":"DROP TABLE","logger":"task.stdout"}
{"timestamp":"2026-09-18T15:47:57.741342Z","level":"info","event":"DROP TABLE","logger":"task.stdout"}
{"timestamp":"2026-09-18T15:47:57.746190Z","level":"info","event":"DROP TABLE","logger":"task.stdout"}
{"timestamp":"2026-09-18T15:47:57.749563Z","level":"info","event":"DROP TABLE","logger":"task.stdout"}
{"timestamp":"2026-09-18T15:47:57.752607Z","level":"info","event":"DROP TABLE","logger":"task.stdout"}
{"timestamp":"2026-09-18T15:47:57.754572Z","level":"info","event":"DROP TABLE","logger":"task.stdout"}
{"timestamp":"2026-09-18T15:47:57.757471Z","level":"info","event":"DROP TABLE","logger":"task.stdout"}
{"timestamp":"2026-09-18T15:47:57.764135Z","level":"info","event":"CREATE TABLE","logger":"task.stdout"}
{"timestamp":"2026-09-18T15:47:57.770851Z","level":"info","event":"CREATE TABLE","logger":"task.stdout"}
{"timestamp":"2026-09-18T15:47:57.776053Z","level":"info","event":"CREATE TABLE","logger":"task.stdout"}
{"timestamp":"2026-09-18T15:47:57.783578Z","level":"info","event":"CREATE TABLE","logger":"task.stdout"}
{"timestamp":"2026-09-18T15:47:57.790299Z","level":"info","event":"CREATE TABLE","logger":"task.stdout"}
{"timestamp":"2026-09-18T15:47:57.796725Z","level":"info","event":"CREATE TABLE","logger":"task.stdout"}
{"timestamp":"2026-09-18T15:47:57.803338Z","level":"info","event":"CREATE TABLE","logger":"task.stdout"}
{"timestamp":"2026-09-18T15:47:57.806224Z","level":"info","event":"CREATE INDEX","logger":"task.stdout"}
{"timestamp":"2026-09-18T15:47:57.809380Z","level":"info","event":"CREATE INDEX","logger":"task.stdout"}
{"timestamp":"2026-09-18T15:47:57.812939Z","level":"info","event":"CREATE INDEX","logger":"task.stdout"}
{"timestamp":"2026-09-18T15:47:57.817102Z","level":"info","event":"CREATE INDEX","logger":"task.stdout"}
{"timestamp":"2026-09-18T15:47:57.820936Z","level":"info","event":"CREATE INDEX","logger":"task.stdout"}
{"timestamp":"2026-09-18T15:47:57.825140Z","level":"info","event":"SQL script executed via psql successfully.","logger":"root","dag_id":"customer360_etl_pipeline","task_id":"run_sql_script","map_index":-1,"try_number":1,"ti_id":"01a0b533-f441-75c6-873e-df09a59e15e0","run_id":"manual__2026-09-18T15:47:56.048164+00:00","filename":"postgresql.py","lineno":92}
{"timestamp":"2026-09-18T15:47:57.825750Z","level":"info","event":"Done. Returned value was: None","dag_id":"customer360_etl_pipeline","task_id":"run_sql_script","map_index":-1,"try_number":1,"ti_id":"01a0b533-f441-75c6-873e-df09a59e15e0","run_id":"manual__2026-09-18T15:47:56.048164+00:00","logger":"airflow.task.operators.airflow.providers.standard.operators.python.PythonOperator","filename":"python.py","lineno":233}
{"timestamp":"2026-09-18T15:47:57.826037Z","level":"info","event":"::group::Post Execute","dag_id":"customer360_etl_pipeline","task_id":"run_sql_script","map_index":-1,"try_number":1,"ti_id":"01a0b533-f441-75c6-873e-df09a59e15e0","run_id":"manual__2026-09-18T15:47:56.048164+00:00","logger":"task","filename":"task_runner.py","lineno":1580}
{"timestamp":"2026-09-18T15:47:57.860072Z","level":"info","event":"::endgroup::","dag_id":"customer360_etl_pipeline","task_id":"run_sql_script","map_index":-1,"try_number":1,"ti_id":"01a0b533-f441-75c6-873e-df09a59e15e0","run_id":"manual__2026-09-18T15:47:56.048164+00:00","logger":"task","filename":"task_runner.py","lineno":2379}
