{"timestamp":"2026-09-21T14:08:10.253989Z","level":"info","event":"::group::Pre Execute","logger":"task","filename":"task_runner.py","lineno":2412}
{"timestamp":"2026-09-21T14:08:25.348884Z","level":"info","event":"DAG bundles loaded: dags-folder","try_number":1,"ti_id":"01a0c44b-9906-7b1c-b92e-2de3c435c589","map_index":-1,"task_id":"run_sql_script","run_id":"scheduled__2026-09-21T08:00:00+00:00","dag_id":"customer360_etl_pipeline","logger":"airflow.dag_processing.bundles.manager.DagBundlesManager","filename":"manager.py","lineno":304}
{"timestamp":"2026-09-21T14:08:25.352054Z","level":"info","event":"Filling up the DagBag from /opt/airflow/dags/customer360_dag.py","try_number":1,"ti_id":"01a0c44b-9906-7b1c-b92e-2de3c435c589","map_index":-1,"task_id":"run_sql_script","run_id":"scheduled__2026-09-21T08:00:00+00:00","dag_id":"customer360_etl_pipeline","logger":"airflow.dag_processing.dagbag.BundleDagBag","filename":"dagbag.py","lineno":460}
{"timestamp":"2026-09-21T14:08:26.391308Z","level":"warning","event":"The `airflow.operators.python.PythonOperator` attribute is deprecated. Please use `'airflow.providers.standard.operators.python.PythonOperator'`.","category":"UserWarning","filename":"/opt/airflow/dags/customer360_dag.py","lineno":22,"try_number":1,"ti_id":"01a0c44b-9906-7b1c-b92e-2de3c435c589","map_index":-1,"task_id":"run_sql_script","run_id":"scheduled__2026-09-21T08:00:00+00:00","dag_id":"customer360_etl_pipeline","logger":"py.warnings"}
{"timestamp":"2026-09-21T14:08:26.396705Z","level":"info","event":"Worker startup parse complete","bundle_name":"dags-folder","bundle_version":null,"dag_file":"customer360_dag.py","dag_id":"customer360_etl_pipeline","bundle_prepare_ms":7,"dag_file_parse_ms":1045,"try_number":1,"ti_id":"01a0c44b-9906-7b1c-b92e-2de3c435c589","map_index":-1,"task_id":"run_sql_script","run_id":"scheduled__2026-09-21T08:00:00+00:00","logger":"task","filename":"task_runner.py","lineno":1073}
{"timestamp":"2026-09-21T14:08:26.498658Z","level":"info","event":"::endgroup::","try_number":1,"ti_id":"01a0c44b-9906-7b1c-b92e-2de3c435c589","map_index":-1,"task_id":"run_sql_script","run_id":"scheduled__2026-09-21T08:00:00+00:00","dag_id":"customer360_etl_pipeline","logger":"task","filename":"task_runner.py","lineno":2232}
{"timestamp":"2026-09-21T14:08:26.505050Z","level":"info","event":"Running SQL script: /opt/airflow/Script-16.sql.sql","logger":"root","try_number":1,"ti_id":"01a0c44b-9906-7b1c-b92e-2de3c435c589","map_index":-1,"task_id":"run_sql_script","run_id":"scheduled__2026-09-21T08:00:00+00:00","dag_id":"customer360_etl_pipeline","filename":"postgresql.py","lineno":75}
{"timestamp":"2026-09-21T14:08:27.043535Z","level":"error","event":"psql:/opt/airflow/Script-16.sql.sql:5: NOTICE:  schema \"stg\" already exists, skipping","logger":"task.stderr"}
{"timestamp":"2026-09-21T14:08:27.058841Z","level":"error","event":"psql:/opt/airflow/Script-16.sql.sql:6: NOTICE:  schema \"dwh\" already exists, skipping","logger":"task.stderr"}
{"timestamp":"2026-09-21T14:08:27.065470Z","level":"info","event":"CREATE SCHEMA","logger":"task.stdout"}
{"timestamp":"2026-09-21T14:08:27.074880Z","level":"info","event":"CREATE SCHEMA","logger":"task.stdout"}
{"timestamp":"2026-09-21T14:08:27.164172Z","level":"error","event":"psql:/opt/airflow/Script-16.sql.sql:40: NOTICE:  relation \"stg_activity_extract\" already exists, skipping","logger":"task.stderr"}
{"timestamp":"2026-09-21T14:08:27.188300Z","level":"info","event":"CREATE TABLE","logger":"task.stdout"}
{"timestamp":"2026-09-21T14:08:27.228637Z","level":"error","event":"psql:/opt/airflow/Script-16.sql.sql:62: NOTICE:  relation \"dim_date\" already exists, skipping","logger":"task.stderr"}
{"timestamp":"2026-09-21T14:08:27.231257Z","level":"info","event":"CREATE TABLE","logger":"task.stdout"}
{"timestamp":"2026-09-21T14:08:27.240857Z","level":"error","event":"psql:/opt/airflow/Script-16.sql.sql:73: NOTICE:  relation \"dim_channel\" already exists, skipping","logger":"task.stderr"}
{"timestamp":"2026-09-21T14:08:27.242699Z","level":"info","event":"CREATE TABLE","logger":"task.stdout"}
{"timestamp":"2026-09-21T14:08:27.246110Z","level":"error","event":"psql:/opt/airflow/Script-16.sql.sql:96: NOTICE:  relation \"dim_clients\" already exists, skipping","logger":"task.stderr"}
{"timestamp":"2026-09-21T14:08:27.252094Z","level":"info","event":"CREATE TABLE","logger":"task.stdout"}
{"timestamp":"2026-09-21T14:08:27.264279Z","level":"error","event":"psql:/opt/airflow/Script-16.sql.sql:118: NOTICE:  relation \"dim_accounts\" already exists, skipping","logger":"task.stderr"}
{"timestamp":"2026-09-21T14:08:27.265418Z","level":"info","event":"CREATE TABLE","logger":"task.stdout"}
{"timestamp":"2026-09-21T14:08:27.275924Z","level":"error","event":"psql:/opt/airflow/Script-16.sql.sql:159: NOTICE:  relation \"fct_transactions\" already exists, skipping","logger":"task.stderr"}
{"timestamp":"2026-09-21T14:08:27.282102Z","level":"info","event":"CREATE TABLE","logger":"task.stdout"}
{"timestamp":"2026-09-21T14:08:27.284711Z","level":"error","event":"psql:/opt/airflow/Script-16.sql.sql:193: NOTICE:  relation \"fct_crm_interactions\" already exists, skipping","logger":"task.stderr"}
{"timestamp":"2026-09-21T14:08:27.285414Z","level":"info","event":"CREATE TABLE","logger":"task.stdout"}
{"timestamp":"2026-09-21T14:08:27.403657Z","level":"error","event":"psql:/opt/airflow/Script-16.sql.sql:203: NOTICE:  relation \"idx_fct_tx_date\" already exists, skipping","logger":"task.stderr"}
{"timestamp":"2026-09-21T14:08:27.404651Z","level":"info","event":"CREATE INDEX","logger":"task.stdout"}
{"timestamp":"2026-09-21T14:08:27.414506Z","level":"error","event":"psql:/opt/airflow/Script-16.sql.sql:206: NOTICE:  relation \"idx_fct_tx_client\" already exists, skipping","logger":"task.stderr"}
{"timestamp":"2026-09-21T14:08:27.418478Z","level":"info","event":"CREATE INDEX","logger":"task.stdout"}
{"timestamp":"2026-09-21T14:08:27.436498Z","level":"error","event":"psql:/opt/airflow/Script-16.sql.sql:209: NOTICE:  relation \"idx_fct_tx_account\" already exists, skipping","logger":"task.stderr"}
{"timestamp":"2026-09-21T14:08:27.438317Z","level":"info","event":"CREATE INDEX","logger":"task.stdout"}
{"timestamp":"2026-09-21T14:08:27.445240Z","level":"error","event":"psql:/opt/airflow/Script-16.sql.sql:215: NOTICE:  relation \"idx_fct_crm_client\" already exists, skipping","logger":"task.stderr"}
{"timestamp":"2026-09-21T14:08:27.447632Z","level":"info","event":"CREATE INDEX","logger":"task.stdout"}
{"timestamp":"2026-09-21T14:08:27.451012Z","level":"error","event":"psql:/opt/airflow/Script-16.sql.sql:218: NOTICE:  relation \"idx_fct_crm_date\" already exists, skipping","logger":"task.stderr"}
{"timestamp":"2026-09-21T14:08:27.452269Z","level":"info","event":"CREATE INDEX","logger":"task.stdout"}
{"timestamp":"2026-09-21T14:08:27.467424Z","level":"info","event":"SQL script executed via psql successfully.","logger":"root","try_number":1,"ti_id":"01a0c44b-9906-7b1c-b92e-2de3c435c589","map_index":-1,"task_id":"run_sql_script","run_id":"scheduled__2026-09-21T08:00:00+00:00","dag_id":"customer360_etl_pipeline","filename":"postgresql.py","lineno":92}
{"timestamp":"2026-09-21T14:08:27.468629Z","level":"info","event":"Done. Returned value was: None","try_number":1,"ti_id":"01a0c44b-9906-7b1c-b92e-2de3c435c589","map_index":-1,"task_id":"run_sql_script","run_id":"scheduled__2026-09-21T08:00:00+00:00","dag_id":"customer360_etl_pipeline","logger":"airflow.task.operators.airflow.providers.standard.operators.python.PythonOperator","filename":"python.py","lineno":233}
{"timestamp":"2026-09-21T14:08:27.469191Z","level":"info","event":"::group::Post Execute","try_number":1,"ti_id":"01a0c44b-9906-7b1c-b92e-2de3c435c589","map_index":-1,"task_id":"run_sql_script","run_id":"scheduled__2026-09-21T08:00:00+00:00","dag_id":"customer360_etl_pipeline","logger":"task","filename":"task_runner.py","lineno":1580}
{"timestamp":"2026-09-21T14:08:27.803368Z","level":"info","event":"::endgroup::","try_number":1,"ti_id":"01a0c44b-9906-7b1c-b92e-2de3c435c589","map_index":-1,"task_id":"run_sql_script","run_id":"scheduled__2026-09-21T08:00:00+00:00","dag_id":"customer360_etl_pipeline","logger":"task","filename":"task_runner.py","lineno":2379}
