[2026-09-21T15:49:24.360+0000] {local_task_job_runner.py:120} INFO - ::group::Pre task execution logs
[2026-09-21T15:49:24.372+0000] {taskinstance.py:2073} INFO - Dependencies all met for dep_context=non-requeueable deps ti=<TaskInstance: customer360_etl_pipeline.load_to_dwh manual__2026-09-21T00:00:00+00:00 [queued]>
[2026-09-21T15:49:24.375+0000] {taskinstance.py:2073} INFO - Dependencies all met for dep_context=requeueable deps ti=<TaskInstance: customer360_etl_pipeline.load_to_dwh manual__2026-09-21T00:00:00+00:00 [queued]>
[2026-09-21T15:49:24.375+0000] {taskinstance.py:2303} INFO - Starting attempt 1 of 2
[2026-09-21T15:49:24.380+0000] {taskinstance.py:2327} INFO - Executing <Task(PythonOperator): load_to_dwh> on 2026-09-21 00:00:00+00:00
[2026-09-21T15:49:24.382+0000] {standard_task_runner.py:63} INFO - Started process 267 to run task
[2026-09-21T15:49:24.383+0000] {standard_task_runner.py:90} INFO - Running: ['airflow', 'tasks', 'run', 'customer360_etl_pipeline', 'load_to_dwh', 'manual__2026-09-21T00:00:00+00:00', '--job-id', '46', '--raw', '--subdir', 'DAGS_FOLDER/customer360_dag.py', '--cfg-path', '/tmp/tmp72kfz5pz']
[2026-09-21T15:49:24.384+0000] {standard_task_runner.py:91} INFO - Job 46: Subtask load_to_dwh
[2026-09-21T15:49:24.406+0000] {task_command.py:426} INFO - Running <TaskInstance: customer360_etl_pipeline.load_to_dwh manual__2026-09-21T00:00:00+00:00 [running]> on host 186ccd638a63
[2026-09-21T15:49:24.447+0000] {taskinstance.py:2644} INFO - Exporting env vars: AIRFLOW_CTX_DAG_OWNER='airflow' AIRFLOW_CTX_DAG_ID='customer360_etl_pipeline' AIRFLOW_CTX_TASK_ID='load_to_dwh' AIRFLOW_CTX_EXECUTION_DATE='2026-09-21T00:00:00+00:00' AIRFLOW_CTX_TRY_NUMBER='1' AIRFLOW_CTX_DAG_RUN_ID='manual__2026-09-21T00:00:00+00:00'
[2026-09-21T15:49:24.448+0000] {taskinstance.py:430} INFO - ::endgroup::
[2026-09-21T15:49:24.497+0000] {postgresql.py:316} INFO - 
[2026-09-21T15:49:24.497+0000] {postgresql.py:317} INFO - ============================================================
[2026-09-21T15:49:24.497+0000] {postgresql.py:318} INFO - STEP 4 - SILVER: CREATE / LOAD ALL STAGING DIMENSIONS
[2026-09-21T15:49:24.498+0000] {postgresql.py:319} INFO - ============================================================
[2026-09-21T15:49:24.521+0000] {postgresql.py:342} INFO -   -> Loading stg.stg_dim_customer
[2026-09-21T15:49:24.656+0000] {postgresql.py:385} INFO -      1,484 customer rows
[2026-09-21T15:49:24.656+0000] {postgresql.py:390} INFO -   -> Loading stg.stg_dim_account
[2026-09-21T15:49:24.721+0000] {postgresql.py:431} INFO -      2,010 account rows
[2026-09-21T15:49:24.721+0000] {postgresql.py:436} INFO -   -> Loading stg.stg_dim_event
[2026-09-21T15:49:24.724+0000] {postgresql.py:460} INFO -      7 event rows
[2026-09-21T15:49:24.724+0000] {postgresql.py:465} INFO -   -> Loading stg.stg_dim_channel
[2026-09-21T15:49:24.726+0000] {postgresql.py:484} INFO -      10 channel rows
[2026-09-21T15:49:24.726+0000] {postgresql.py:489} INFO -   -> Loading stg.stg_dim_transaction_type
[2026-09-21T15:49:24.727+0000] {postgresql.py:511} INFO -      7 transaction types
[2026-09-21T15:49:24.728+0000] {postgresql.py:516} INFO -   -> Loading stg.stg_dim_date
[2026-09-21T15:49:24.751+0000] {postgresql.py:552} INFO -      1,319 dates
[2026-09-21T15:49:24.751+0000] {postgresql.py:557} INFO -   -> Loading stg.stg_fact_activity
[2026-09-21T15:49:25.681+0000] {postgresql.py:596} INFO - STEP 4 COMPLETE - all Silver staging dimensions and fact loaded.
[2026-09-21T15:49:25.684+0000] {postgresql.py:603} INFO - 
[2026-09-21T15:49:25.685+0000] {postgresql.py:604} INFO - ============================================================
[2026-09-21T15:49:25.685+0000] {postgresql.py:605} INFO - STEP 5 - GOLD: LOAD ALL DWH DIMENSIONS
[2026-09-21T15:49:25.685+0000] {postgresql.py:606} INFO - ============================================================
[2026-09-21T15:49:25.685+0000] {postgresql.py:614} INFO -   -> DWH dim_date
[2026-09-21T15:49:25.691+0000] {postgresql.py:646} INFO -   -> DWH dim_customer
[2026-09-21T15:49:25.700+0000] {postgresql.py:683} INFO -   -> DWH dim_account
[2026-09-21T15:49:25.711+0000] {postgresql.py:712} INFO -   -> DWH dim_event
[2026-09-21T15:49:25.712+0000] {postgresql.py:726} INFO -   -> DWH dim_channel
[2026-09-21T15:49:25.712+0000] {postgresql.py:738} INFO -   -> DWH dim_transaction_type
[2026-09-21T15:49:25.714+0000] {postgresql.py:751} INFO - STEP 5 COMPLETE - all DWH dimensions loaded.
[2026-09-21T15:49:25.714+0000] {postgresql.py:758} INFO - 
[2026-09-21T15:49:25.714+0000] {postgresql.py:759} INFO - ============================================================
[2026-09-21T15:49:25.714+0000] {postgresql.py:760} INFO - STEP 6 - GOLD: LOAD DWH FACT ACTIVITY
[2026-09-21T15:49:25.715+0000] {postgresql.py:761} INFO - ============================================================
[2026-09-21T15:49:26.737+0000] {postgresql.py:833} INFO - STEP 6 COMPLETE - 55,499 fact records loaded.
[2026-09-21T15:49:26.738+0000] {python.py:237} INFO - Done. Returned value was: None
[2026-09-21T15:49:26.738+0000] {taskinstance.py:441} INFO - ::group::Post task execution logs
[2026-09-21T15:49:26.743+0000] {taskinstance.py:1205} INFO - Marking task as SUCCESS. dag_id=customer360_etl_pipeline, task_id=load_to_dwh, execution_date=20260921T000000, start_date=20260921T154924, end_date=20260921T154926
[2026-09-21T15:49:26.782+0000] {local_task_job_runner.py:240} INFO - Task exited with return code 0
[2026-09-21T15:49:26.791+0000] {taskinstance.py:3482} INFO - 0 downstream tasks scheduled from follow-on schedule check
[2026-09-21T15:49:26.791+0000] {local_task_job_runner.py:222} INFO - ::endgroup::
