{"timestamp":"2026-09-21T14:12:27.706060Z","level":"info","event":"::group::Pre Execute","logger":"task","filename":"task_runner.py","lineno":2412}
{"timestamp":"2026-09-21T14:12:27.819139Z","level":"info","event":"DAG bundles loaded: dags-folder","map_index":-1,"try_number":1,"ti_id":"01a0c44f-9dc2-78d4-8dca-97bc7e8e9cac","dag_id":"customer360_etl_pipeline","task_id":"run_sql_script","run_id":"manual__2026-09-21T14:12:27.121342+00:00","logger":"airflow.dag_processing.bundles.manager.DagBundlesManager","filename":"manager.py","lineno":304}
{"timestamp":"2026-09-21T14:12:27.821345Z","level":"info","event":"Filling up the DagBag from /opt/airflow/dags/customer360_dag.py","map_index":-1,"try_number":1,"ti_id":"01a0c44f-9dc2-78d4-8dca-97bc7e8e9cac","dag_id":"customer360_etl_pipeline","task_id":"run_sql_script","run_id":"manual__2026-09-21T14:12:27.121342+00:00","logger":"airflow.dag_processing.dagbag.BundleDagBag","filename":"dagbag.py","lineno":460}
{"timestamp":"2026-09-21T14:12:28.547948Z","level":"warning","event":"The `airflow.operators.python.PythonOperator` attribute is deprecated. Please use `'airflow.providers.standard.operators.python.PythonOperator'`.","category":"UserWarning","filename":"/opt/airflow/dags/customer360_dag.py","lineno":22,"map_index":-1,"try_number":1,"ti_id":"01a0c44f-9dc2-78d4-8dca-97bc7e8e9cac","dag_id":"customer360_etl_pipeline","task_id":"run_sql_script","run_id":"manual__2026-09-21T14:12:27.121342+00:00","logger":"py.warnings"}
{"timestamp":"2026-09-21T14:12:28.550646Z","level":"info","event":"Worker startup parse complete","bundle_name":"dags-folder","bundle_version":null,"dag_file":"customer360_dag.py","dag_id":"customer360_etl_pipeline","bundle_prepare_ms":5,"dag_file_parse_ms":729,"map_index":-1,"try_number":1,"ti_id":"01a0c44f-9dc2-78d4-8dca-97bc7e8e9cac","task_id":"run_sql_script","run_id":"manual__2026-09-21T14:12:27.121342+00:00","logger":"task","filename":"task_runner.py","lineno":1073}
{"timestamp":"2026-09-21T14:12:28.584930Z","level":"info","event":"::endgroup::","map_index":-1,"try_number":1,"ti_id":"01a0c44f-9dc2-78d4-8dca-97bc7e8e9cac","dag_id":"customer360_etl_pipeline","task_id":"run_sql_script","run_id":"manual__2026-09-21T14:12:27.121342+00:00","logger":"task","filename":"task_runner.py","lineno":2232}
{"timestamp":"2026-09-21T14:12:28.589975Z","level":"info","event":"Running SQL script: /opt/airflow/Script-16.sql.sql","logger":"root","map_index":-1,"try_number":1,"ti_id":"01a0c44f-9dc2-78d4-8dca-97bc7e8e9cac","dag_id":"customer360_etl_pipeline","task_id":"run_sql_script","run_id":"manual__2026-09-21T14:12:27.121342+00:00","filename":"postgresql.py","lineno":75}
{"timestamp":"2026-09-21T14:12:28.704696Z","level":"error","event":"psql:/opt/airflow/Script-16.sql.sql:5: NOTICE:  schema \"stg\" already exists, skipping","logger":"task.stderr"}
{"timestamp":"2026-09-21T14:12:28.706092Z","level":"info","event":"CREATE SCHEMA","logger":"task.stdout"}
{"timestamp":"2026-09-21T14:12:28.706940Z","level":"error","event":"psql:/opt/airflow/Script-16.sql.sql:6: NOTICE:  schema \"dwh\" already exists, skipping","logger":"task.stderr"}
{"timestamp":"2026-09-21T14:12:28.707380Z","level":"info","event":"CREATE SCHEMA","logger":"task.stdout"}
{"timestamp":"2026-09-21T14:12:28.711422Z","level":"error","event":"psql:/opt/airflow/Script-16.sql.sql:40: NOTICE:  relation \"stg_activity_extract\" already exists, skipping","logger":"task.stderr"}
{"timestamp":"2026-09-21T14:12:28.712590Z","level":"info","event":"CREATE TABLE","logger":"task.stdout"}
{"timestamp":"2026-09-21T14:12:28.713101Z","level":"error","event":"psql:/opt/airflow/Script-16.sql.sql:62: NOTICE:  relation \"dim_date\" already exists, skipping","logger":"task.stderr"}
{"timestamp":"2026-09-21T14:12:28.713338Z","level":"info","event":"CREATE TABLE","logger":"task.stdout"}
{"timestamp":"2026-09-21T14:12:28.714192Z","level":"error","event":"psql:/opt/airflow/Script-16.sql.sql:73: NOTICE:  relation \"dim_channel\" already exists, skipping","logger":"task.stderr"}
{"timestamp":"2026-09-21T14:12:28.714395Z","level":"info","event":"CREATE TABLE","logger":"task.stdout"}
{"timestamp":"2026-09-21T14:12:28.715133Z","level":"error","event":"psql:/opt/airflow/Script-16.sql.sql:96: NOTICE:  relation \"dim_clients\" already exists, skipping","logger":"task.stderr"}
{"timestamp":"2026-09-21T14:12:28.715221Z","level":"info","event":"CREATE TABLE","logger":"task.stdout"}
{"timestamp":"2026-09-21T14:12:28.716435Z","level":"error","event":"psql:/opt/airflow/Script-16.sql.sql:118: NOTICE:  relation \"dim_accounts\" already exists, skipping","logger":"task.stderr"}
{"timestamp":"2026-09-21T14:12:28.716967Z","level":"info","event":"CREATE TABLE","logger":"task.stdout"}
{"timestamp":"2026-09-21T14:12:28.718136Z","level":"error","event":"psql:/opt/airflow/Script-16.sql.sql:159: NOTICE:  relation \"fct_transactions\" already exists, skipping","logger":"task.stderr"}
{"timestamp":"2026-09-21T14:12:28.718474Z","level":"info","event":"CREATE TABLE","logger":"task.stdout"}
{"timestamp":"2026-09-21T14:12:28.719391Z","level":"error","event":"psql:/opt/airflow/Script-16.sql.sql:193: NOTICE:  relation \"fct_crm_interactions\" already exists, skipping","logger":"task.stderr"}
{"timestamp":"2026-09-21T14:12:28.719697Z","level":"info","event":"CREATE TABLE","logger":"task.stdout"}
{"timestamp":"2026-09-21T14:12:28.720952Z","level":"error","event":"psql:/opt/airflow/Script-16.sql.sql:203: NOTICE:  relation \"idx_fct_tx_date\" already exists, skipping","logger":"task.stderr"}
{"timestamp":"2026-09-21T14:12:28.721346Z","level":"info","event":"CREATE INDEX","logger":"task.stdout"}
{"timestamp":"2026-09-21T14:12:28.722068Z","level":"error","event":"psql:/opt/airflow/Script-16.sql.sql:206: NOTICE:  relation \"idx_fct_tx_client\" already exists, skipping","logger":"task.stderr"}
{"timestamp":"2026-09-21T14:12:28.722415Z","level":"info","event":"CREATE INDEX","logger":"task.stdout"}
{"timestamp":"2026-09-21T14:12:28.723460Z","level":"error","event":"psql:/opt/airflow/Script-16.sql.sql:209: NOTICE:  relation \"idx_fct_tx_account\" already exists, skipping","logger":"task.stderr"}
{"timestamp":"2026-09-21T14:12:28.723757Z","level":"info","event":"CREATE INDEX","logger":"task.stdout"}
{"timestamp":"2026-09-21T14:12:28.724384Z","level":"error","event":"psql:/opt/airflow/Script-16.sql.sql:215: NOTICE:  relation \"idx_fct_crm_client\" already exists, skipping","logger":"task.stderr"}
{"timestamp":"2026-09-21T14:12:28.724551Z","level":"info","event":"CREATE INDEX","logger":"task.stdout"}
{"timestamp":"2026-09-21T14:12:28.724852Z","level":"error","event":"psql:/opt/airflow/Script-16.sql.sql:218: NOTICE:  relation \"idx_fct_crm_date\" already exists, skipping","logger":"task.stderr"}
{"timestamp":"2026-09-21T14:12:28.725262Z","level":"info","event":"CREATE INDEX","logger":"task.stdout"}
{"timestamp":"2026-09-21T14:12:28.727414Z","level":"info","event":"SQL script executed via psql successfully.","logger":"root","map_index":-1,"try_number":1,"ti_id":"01a0c44f-9dc2-78d4-8dca-97bc7e8e9cac","dag_id":"customer360_etl_pipeline","task_id":"run_sql_script","run_id":"manual__2026-09-21T14:12:27.121342+00:00","filename":"postgresql.py","lineno":92}
{"timestamp":"2026-09-21T14:12:28.727826Z","level":"info","event":"Done. Returned value was: None","map_index":-1,"try_number":1,"ti_id":"01a0c44f-9dc2-78d4-8dca-97bc7e8e9cac","dag_id":"customer360_etl_pipeline","task_id":"run_sql_script","run_id":"manual__2026-09-21T14:12:27.121342+00:00","logger":"airflow.task.operators.airflow.providers.standard.operators.python.PythonOperator","filename":"python.py","lineno":233}
{"timestamp":"2026-09-21T14:12:28.728047Z","level":"info","event":"::group::Post Execute","map_index":-1,"try_number":1,"ti_id":"01a0c44f-9dc2-78d4-8dca-97bc7e8e9cac","dag_id":"customer360_etl_pipeline","task_id":"run_sql_script","run_id":"manual__2026-09-21T14:12:27.121342+00:00","logger":"task","filename":"task_runner.py","lineno":1580}
{"timestamp":"2026-09-21T14:12:28.759277Z","level":"info","event":"::endgroup::","map_index":-1,"try_number":1,"ti_id":"01a0c44f-9dc2-78d4-8dca-97bc7e8e9cac","dag_id":"customer360_etl_pipeline","task_id":"run_sql_script","run_id":"manual__2026-09-21T14:12:27.121342+00:00","logger":"task","filename":"task_runner.py","lineno":2379}
