[2026-09-21T15:22:08.690+0000] {local_task_job_runner.py:120} INFO - ::group::Pre task execution logs
[2026-09-21T15:22:08.768+0000] {taskinstance.py:2073} INFO - Dependencies all met for dep_context=non-requeueable deps ti=<TaskInstance: customer360_etl_pipeline.run_sql_script scheduled__2026-09-20T08:00:00+00:00 [queued]>
[2026-09-21T15:22:08.784+0000] {taskinstance.py:2073} INFO - Dependencies all met for dep_context=requeueable deps ti=<TaskInstance: customer360_etl_pipeline.run_sql_script scheduled__2026-09-20T08:00:00+00:00 [queued]>
[2026-09-21T15:22:08.785+0000] {taskinstance.py:2303} INFO - Starting attempt 1 of 2
[2026-09-21T15:22:08.803+0000] {taskinstance.py:2327} INFO - Executing <Task(PythonOperator): run_sql_script> on 2026-09-20 08:00:00+00:00
[2026-09-21T15:22:08.828+0000] {standard_task_runner.py:63} INFO - Started process 246 to run task
[2026-09-21T15:22:08.836+0000] {standard_task_runner.py:90} INFO - Running: ['airflow', 'tasks', 'run', 'customer360_etl_pipeline', 'run_sql_script', 'scheduled__2026-09-20T08:00:00+00:00', '--job-id', '3', '--raw', '--subdir', 'DAGS_FOLDER/customer360_dag.py', '--cfg-path', '/tmp/tmp66ibi18h']
[2026-09-21T15:22:08.841+0000] {standard_task_runner.py:91} INFO - Job 3: Subtask run_sql_script
[2026-09-21T15:22:08.931+0000] {task_command.py:426} INFO - Running <TaskInstance: customer360_etl_pipeline.run_sql_script scheduled__2026-09-20T08:00:00+00:00 [running]> on host 186ccd638a63
[2026-09-21T15:22:09.063+0000] {taskinstance.py:2644} INFO - Exporting env vars: AIRFLOW_CTX_DAG_OWNER='airflow' AIRFLOW_CTX_DAG_ID='customer360_etl_pipeline' AIRFLOW_CTX_TASK_ID='run_sql_script' AIRFLOW_CTX_EXECUTION_DATE='2026-09-20T08:00:00+00:00' AIRFLOW_CTX_TRY_NUMBER='1' AIRFLOW_CTX_DAG_RUN_ID='scheduled__2026-09-20T08:00:00+00:00'
[2026-09-21T15:22:09.065+0000] {taskinstance.py:430} INFO - ::endgroup::
[2026-09-21T15:22:09.123+0000] {postgresql.py:90} INFO - ============================================================
[2026-09-21T15:22:09.123+0000] {postgresql.py:91} INFO - STEP 1 - DATABASE / SCHEMA / TABLE CREATION
[2026-09-21T15:22:09.123+0000] {postgresql.py:92} INFO - ============================================================
[2026-09-21T15:22:09.536+0000] {postgresql.py:108} INFO - STEP 1 COMPLETE - all schemas and tables are ready.
[2026-09-21T15:22:09.537+0000] {python.py:237} INFO - Done. Returned value was: None
[2026-09-21T15:22:09.537+0000] {taskinstance.py:441} INFO - ::group::Post task execution logs
[2026-09-21T15:22:09.552+0000] {taskinstance.py:1205} INFO - Marking task as SUCCESS. dag_id=customer360_etl_pipeline, task_id=run_sql_script, execution_date=20260920T080000, start_date=20260921T152208, end_date=20260921T152209
[2026-09-21T15:22:09.617+0000] {local_task_job_runner.py:240} INFO - Task exited with return code 0
[2026-09-21T15:22:09.649+0000] {taskinstance.py:3482} INFO - 1 downstream tasks scheduled from follow-on schedule check
[2026-09-21T15:22:09.655+0000] {local_task_job_runner.py:222} INFO - ::endgroup::
