{"timestamp":"2026-09-19T14:53:39.010365Z","level":"info","event":"::group::Pre Execute","logger":"task","filename":"task_runner.py","lineno":2412}
{"timestamp":"2026-09-19T14:53:39.019137Z","level":"info","event":"DAG bundles loaded: dags-folder","run_id":"manual__2026-09-19T14:53:38.239913+00:00","ti_id":"01a0ba28-9a5a-777e-a18e-15b0743fe3c8","dag_id":"customer360_etl_pipeline","task_id":"run_sql_script","map_index":-1,"try_number":1,"logger":"airflow.dag_processing.bundles.manager.DagBundlesManager","filename":"manager.py","lineno":304}
{"timestamp":"2026-09-19T14:53:39.019912Z","level":"info","event":"Filling up the DagBag from /opt/airflow/dags/customer360_dag.py","run_id":"manual__2026-09-19T14:53:38.239913+00:00","ti_id":"01a0ba28-9a5a-777e-a18e-15b0743fe3c8","dag_id":"customer360_etl_pipeline","task_id":"run_sql_script","map_index":-1,"try_number":1,"logger":"airflow.dag_processing.dagbag.BundleDagBag","filename":"dagbag.py","lineno":460}
{"timestamp":"2026-09-19T14:53:39.270832Z","level":"warning","event":"The `airflow.operators.python.PythonOperator` attribute is deprecated. Please use `'airflow.providers.standard.operators.python.PythonOperator'`.","category":"UserWarning","filename":"/opt/airflow/dags/customer360_dag.py","lineno":22,"run_id":"manual__2026-09-19T14:53:38.239913+00:00","ti_id":"01a0ba28-9a5a-777e-a18e-15b0743fe3c8","dag_id":"customer360_etl_pipeline","task_id":"run_sql_script","map_index":-1,"try_number":1,"logger":"py.warnings"}
{"timestamp":"2026-09-19T14:53:39.272078Z","level":"info","event":"Worker startup parse complete","bundle_name":"dags-folder","bundle_version":null,"dag_file":"customer360_dag.py","dag_id":"customer360_etl_pipeline","bundle_prepare_ms":1,"dag_file_parse_ms":252,"run_id":"manual__2026-09-19T14:53:38.239913+00:00","ti_id":"01a0ba28-9a5a-777e-a18e-15b0743fe3c8","task_id":"run_sql_script","map_index":-1,"try_number":1,"logger":"task","filename":"task_runner.py","lineno":1073}
{"timestamp":"2026-09-19T14:53:39.288257Z","level":"info","event":"::endgroup::","run_id":"manual__2026-09-19T14:53:38.239913+00:00","ti_id":"01a0ba28-9a5a-777e-a18e-15b0743fe3c8","dag_id":"customer360_etl_pipeline","task_id":"run_sql_script","map_index":-1,"try_number":1,"logger":"task","filename":"task_runner.py","lineno":2232}
{"timestamp":"2026-09-19T14:53:39.290254Z","level":"info","event":"Running SQL script: /opt/airflow/Script-16.sql.sql","logger":"root","run_id":"manual__2026-09-19T14:53:38.239913+00:00","ti_id":"01a0ba28-9a5a-777e-a18e-15b0743fe3c8","dag_id":"customer360_etl_pipeline","task_id":"run_sql_script","map_index":-1,"try_number":1,"filename":"postgresql.py","lineno":75}
{"timestamp":"2026-09-19T14:53:39.332835Z","level":"error","event":"psql:/opt/airflow/Script-16.sql.sql:5: NOTICE:  schema \"stg\" already exists, skipping","logger":"task.stderr"}
{"timestamp":"2026-09-19T14:53:39.333090Z","level":"info","event":"CREATE SCHEMA","logger":"task.stdout"}
{"timestamp":"2026-09-19T14:53:39.333433Z","level":"error","event":"psql:/opt/airflow/Script-16.sql.sql:6: NOTICE:  schema \"dwh\" already exists, skipping","logger":"task.stderr"}
{"timestamp":"2026-09-19T14:53:39.333619Z","level":"info","event":"CREATE SCHEMA","logger":"task.stdout"}
{"timestamp":"2026-09-19T14:53:39.334113Z","level":"error","event":"psql:/opt/airflow/Script-16.sql.sql:40: NOTICE:  relation \"stg_activity_extract\" already exists, skipping","logger":"task.stderr"}
{"timestamp":"2026-09-19T14:53:39.334214Z","level":"info","event":"CREATE TABLE","logger":"task.stdout"}
{"timestamp":"2026-09-19T14:53:39.334657Z","level":"error","event":"psql:/opt/airflow/Script-16.sql.sql:62: NOTICE:  relation \"dim_date\" already exists, skipping","logger":"task.stderr"}
{"timestamp":"2026-09-19T14:53:39.334842Z","level":"info","event":"CREATE TABLE","logger":"task.stdout"}
{"timestamp":"2026-09-19T14:53:39.335191Z","level":"error","event":"psql:/opt/airflow/Script-16.sql.sql:73: NOTICE:  relation \"dim_channel\" already exists, skipping","logger":"task.stderr"}
{"timestamp":"2026-09-19T14:53:39.335350Z","level":"info","event":"CREATE TABLE","logger":"task.stdout"}
{"timestamp":"2026-09-19T14:53:39.335691Z","level":"error","event":"psql:/opt/airflow/Script-16.sql.sql:96: NOTICE:  relation \"dim_clients\" already exists, skipping","logger":"task.stderr"}
{"timestamp":"2026-09-19T14:53:39.335843Z","level":"info","event":"CREATE TABLE","logger":"task.stdout"}
{"timestamp":"2026-09-19T14:53:39.336252Z","level":"error","event":"psql:/opt/airflow/Script-16.sql.sql:118: NOTICE:  relation \"dim_accounts\" already exists, skipping","logger":"task.stderr"}
{"timestamp":"2026-09-19T14:53:39.336438Z","level":"info","event":"CREATE TABLE","logger":"task.stdout"}
{"timestamp":"2026-09-19T14:53:39.336849Z","level":"error","event":"psql:/opt/airflow/Script-16.sql.sql:159: NOTICE:  relation \"fct_transactions\" already exists, skipping","logger":"task.stderr"}
{"timestamp":"2026-09-19T14:53:39.336980Z","level":"info","event":"CREATE TABLE","logger":"task.stdout"}
{"timestamp":"2026-09-19T14:53:39.337404Z","level":"error","event":"psql:/opt/airflow/Script-16.sql.sql:193: NOTICE:  relation \"fct_crm_interactions\" already exists, skipping","logger":"task.stderr"}
{"timestamp":"2026-09-19T14:53:39.337563Z","level":"info","event":"CREATE TABLE","logger":"task.stdout"}
{"timestamp":"2026-09-19T14:53:39.338399Z","level":"error","event":"psql:/opt/airflow/Script-16.sql.sql:203: NOTICE:  relation \"idx_fct_tx_date\" already exists, skipping","logger":"task.stderr"}
{"timestamp":"2026-09-19T14:53:39.338575Z","level":"info","event":"CREATE INDEX","logger":"task.stdout"}
{"timestamp":"2026-09-19T14:53:39.338960Z","level":"error","event":"psql:/opt/airflow/Script-16.sql.sql:206: NOTICE:  relation \"idx_fct_tx_client\" already exists, skipping","logger":"task.stderr"}
{"timestamp":"2026-09-19T14:53:39.339107Z","level":"info","event":"CREATE INDEX","logger":"task.stdout"}
{"timestamp":"2026-09-19T14:53:39.339598Z","level":"error","event":"psql:/opt/airflow/Script-16.sql.sql:209: NOTICE:  relation \"idx_fct_tx_account\" already exists, skipping","logger":"task.stderr"}
{"timestamp":"2026-09-19T14:53:39.339759Z","level":"info","event":"CREATE INDEX","logger":"task.stdout"}
{"timestamp":"2026-09-19T14:53:39.340176Z","level":"error","event":"psql:/opt/airflow/Script-16.sql.sql:215: NOTICE:  relation \"idx_fct_crm_client\" already exists, skipping","logger":"task.stderr"}
{"timestamp":"2026-09-19T14:53:39.340280Z","level":"info","event":"CREATE INDEX","logger":"task.stdout"}
{"timestamp":"2026-09-19T14:53:39.340700Z","level":"error","event":"psql:/opt/airflow/Script-16.sql.sql:218: NOTICE:  relation \"idx_fct_crm_date\" already exists, skipping","logger":"task.stderr"}
{"timestamp":"2026-09-19T14:53:39.340953Z","level":"info","event":"CREATE INDEX","logger":"task.stdout"}
{"timestamp":"2026-09-19T14:53:39.342317Z","level":"info","event":"SQL script executed via psql successfully.","logger":"root","run_id":"manual__2026-09-19T14:53:38.239913+00:00","ti_id":"01a0ba28-9a5a-777e-a18e-15b0743fe3c8","dag_id":"customer360_etl_pipeline","task_id":"run_sql_script","map_index":-1,"try_number":1,"filename":"postgresql.py","lineno":92}
{"timestamp":"2026-09-19T14:53:39.342542Z","level":"info","event":"Done. Returned value was: None","run_id":"manual__2026-09-19T14:53:38.239913+00:00","ti_id":"01a0ba28-9a5a-777e-a18e-15b0743fe3c8","dag_id":"customer360_etl_pipeline","task_id":"run_sql_script","map_index":-1,"try_number":1,"logger":"airflow.task.operators.airflow.providers.standard.operators.python.PythonOperator","filename":"python.py","lineno":233}
{"timestamp":"2026-09-19T14:53:39.342669Z","level":"info","event":"::group::Post Execute","run_id":"manual__2026-09-19T14:53:38.239913+00:00","ti_id":"01a0ba28-9a5a-777e-a18e-15b0743fe3c8","dag_id":"customer360_etl_pipeline","task_id":"run_sql_script","map_index":-1,"try_number":1,"logger":"task","filename":"task_runner.py","lineno":1580}
{"timestamp":"2026-09-19T14:53:39.357291Z","level":"info","event":"::endgroup::","run_id":"manual__2026-09-19T14:53:38.239913+00:00","ti_id":"01a0ba28-9a5a-777e-a18e-15b0743fe3c8","dag_id":"customer360_etl_pipeline","task_id":"run_sql_script","map_index":-1,"try_number":1,"logger":"task","filename":"task_runner.py","lineno":2379}
