[2026-09-21T15:27:11.325+0000] {local_task_job_runner.py:120} INFO - ::group::Pre task execution logs
[2026-09-21T15:27:11.342+0000] {taskinstance.py:2073} INFO - Dependencies all met for dep_context=non-requeueable deps ti=<TaskInstance: customer360_etl_pipeline.load_csv_to_staging scheduled__2026-09-20T08:00:00+00:00 [queued]>
[2026-09-21T15:27:11.347+0000] {taskinstance.py:2073} INFO - Dependencies all met for dep_context=requeueable deps ti=<TaskInstance: customer360_etl_pipeline.load_csv_to_staging scheduled__2026-09-20T08:00:00+00:00 [queued]>
[2026-09-21T15:27:11.347+0000] {taskinstance.py:2303} INFO - Starting attempt 2 of 2
[2026-09-21T15:27:11.352+0000] {taskinstance.py:2327} INFO - Executing <Task(PythonOperator): load_csv_to_staging> on 2026-09-20 08:00:00+00:00
[2026-09-21T15:27:11.356+0000] {standard_task_runner.py:63} INFO - Started process 474 to run task
[2026-09-21T15:27:11.360+0000] {standard_task_runner.py:90} INFO - Running: ['airflow', 'tasks', 'run', 'customer360_etl_pipeline', 'load_csv_to_staging', 'scheduled__2026-09-20T08:00:00+00:00', '--job-id', '8', '--raw', '--subdir', 'DAGS_FOLDER/customer360_dag.py', '--cfg-path', '/tmp/tmp_y3x863s']
[2026-09-21T15:27:11.362+0000] {standard_task_runner.py:91} INFO - Job 8: Subtask load_csv_to_staging
[2026-09-21T15:27:11.390+0000] {task_command.py:426} INFO - Running <TaskInstance: customer360_etl_pipeline.load_csv_to_staging scheduled__2026-09-20T08:00:00+00:00 [running]> on host 186ccd638a63
[2026-09-21T15:27:11.439+0000] {taskinstance.py:2644} INFO - Exporting env vars: AIRFLOW_CTX_DAG_OWNER='airflow' AIRFLOW_CTX_DAG_ID='customer360_etl_pipeline' AIRFLOW_CTX_TASK_ID='load_csv_to_staging' AIRFLOW_CTX_EXECUTION_DATE='2026-09-20T08:00:00+00:00' AIRFLOW_CTX_TRY_NUMBER='2' AIRFLOW_CTX_DAG_RUN_ID='scheduled__2026-09-20T08:00:00+00:00'
[2026-09-21T15:27:11.440+0000] {taskinstance.py:430} INFO - ::endgroup::
[2026-09-21T15:27:11.449+0000] {postgresql.py:120} INFO - 
[2026-09-21T15:27:11.449+0000] {postgresql.py:121} INFO - ============================================================
[2026-09-21T15:27:11.449+0000] {postgresql.py:122} INFO - STEP 2 - BRONZE: CSV -> stg.stg_activity_extract
[2026-09-21T15:27:11.450+0000] {postgresql.py:123} INFO - ============================================================
[2026-09-21T15:27:11.550+0000] {taskinstance.py:441} INFO - ::group::Post task execution logs
[2026-09-21T15:27:11.550+0000] {taskinstance.py:2890} ERROR - Task failed with exception
Traceback (most recent call last):
  File "/home/airflow/.local/lib/python3.10/site-packages/airflow/models/taskinstance.py", line 465, in _execute_task
    result = _execute_callable(context=context, **execute_callable_kwargs)
  File "/home/airflow/.local/lib/python3.10/site-packages/airflow/models/taskinstance.py", line 432, in _execute_callable
    return execute_callable(context=context, **execute_callable_kwargs)
  File "/home/airflow/.local/lib/python3.10/site-packages/airflow/models/baseoperator.py", line 400, in wrapper
    return func(self, *args, **kwargs)
  File "/home/airflow/.local/lib/python3.10/site-packages/airflow/operators/python.py", line 235, in execute
    return_value = self.execute_callable()
  File "/home/airflow/.local/lib/python3.10/site-packages/airflow/operators/python.py", line 252, in execute_callable
    return self.python_callable(*self.op_args, **self.op_kwargs)
  File "/opt/airflow/dags/customer360_dag.py", line 52, in task_load_csv_to_staging
    etl.load_csv_to_bronze(CSV_PATH)
  File "/opt/airflow/postgresql.py", line 152, in load_csv_to_bronze
    cur.copy_from(
psycopg2.errors.UndefinedTable: relation "stg_activity_extract" does not exist

[2026-09-21T15:27:11.558+0000] {taskinstance.py:1205} INFO - Marking task as FAILED. dag_id=customer360_etl_pipeline, task_id=load_csv_to_staging, execution_date=20260920T080000, start_date=20260921T152711, end_date=20260921T152711
[2026-09-21T15:27:11.563+0000] {standard_task_runner.py:110} ERROR - Failed to execute job 8 for task load_csv_to_staging (relation "stg_activity_extract" does not exist
; 474)
[2026-09-21T15:27:11.581+0000] {local_task_job_runner.py:240} INFO - Task exited with return code 1
[2026-09-21T15:27:11.599+0000] {taskinstance.py:3482} INFO - 0 downstream tasks scheduled from follow-on schedule check
[2026-09-21T15:27:11.605+0000] {local_task_job_runner.py:222} INFO - ::endgroup::
