[2026-09-21T15:22:10.337+0000] {local_task_job_runner.py:120} INFO - ::group::Pre task execution logs
[2026-09-21T15:22:10.375+0000] {taskinstance.py:2073} INFO - Dependencies all met for dep_context=non-requeueable deps ti=<TaskInstance: customer360_etl_pipeline.load_csv_to_staging scheduled__2026-09-20T08:00:00+00:00 [queued]>
[2026-09-21T15:22:10.391+0000] {taskinstance.py:2073} INFO - Dependencies all met for dep_context=requeueable deps ti=<TaskInstance: customer360_etl_pipeline.load_csv_to_staging scheduled__2026-09-20T08:00:00+00:00 [queued]>
[2026-09-21T15:22:10.392+0000] {taskinstance.py:2303} INFO - Starting attempt 1 of 2
[2026-09-21T15:22:10.417+0000] {taskinstance.py:2327} INFO - Executing <Task(PythonOperator): load_csv_to_staging> on 2026-09-20 08:00:00+00:00
[2026-09-21T15:22:10.426+0000] {standard_task_runner.py:63} INFO - Started process 261 to run task
[2026-09-21T15:22:10.429+0000] {standard_task_runner.py:90} INFO - Running: ['airflow', 'tasks', 'run', 'customer360_etl_pipeline', 'load_csv_to_staging', 'scheduled__2026-09-20T08:00:00+00:00', '--job-id', '4', '--raw', '--subdir', 'DAGS_FOLDER/customer360_dag.py', '--cfg-path', '/tmp/tmp4i_z05qq']
[2026-09-21T15:22:10.431+0000] {standard_task_runner.py:91} INFO - Job 4: Subtask load_csv_to_staging
[2026-09-21T15:22:10.472+0000] {task_command.py:426} INFO - Running <TaskInstance: customer360_etl_pipeline.load_csv_to_staging scheduled__2026-09-20T08:00:00+00:00 [running]> on host 186ccd638a63
[2026-09-21T15:22:10.552+0000] {taskinstance.py:2644} INFO - Exporting env vars: AIRFLOW_CTX_DAG_OWNER='airflow' AIRFLOW_CTX_DAG_ID='customer360_etl_pipeline' AIRFLOW_CTX_TASK_ID='load_csv_to_staging' AIRFLOW_CTX_EXECUTION_DATE='2026-09-20T08:00:00+00:00' AIRFLOW_CTX_TRY_NUMBER='1' AIRFLOW_CTX_DAG_RUN_ID='scheduled__2026-09-20T08:00:00+00:00'
[2026-09-21T15:22:10.553+0000] {taskinstance.py:430} INFO - ::endgroup::
[2026-09-21T15:22:10.562+0000] {taskinstance.py:441} INFO - ::group::Post task execution logs
[2026-09-21T15:22:10.563+0000] {taskinstance.py:2890} ERROR - Task failed with exception
Traceback (most recent call last):
  File "/home/airflow/.local/lib/python3.10/site-packages/airflow/models/taskinstance.py", line 465, in _execute_task
    result = _execute_callable(context=context, **execute_callable_kwargs)
  File "/home/airflow/.local/lib/python3.10/site-packages/airflow/models/taskinstance.py", line 432, in _execute_callable
    return execute_callable(context=context, **execute_callable_kwargs)
  File "/home/airflow/.local/lib/python3.10/site-packages/airflow/models/baseoperator.py", line 400, in wrapper
    return func(self, *args, **kwargs)
  File "/home/airflow/.local/lib/python3.10/site-packages/airflow/operators/python.py", line 235, in execute
    return_value = self.execute_callable()
  File "/home/airflow/.local/lib/python3.10/site-packages/airflow/operators/python.py", line 252, in execute_callable
    return self.python_callable(*self.op_args, **self.op_kwargs)
  File "/opt/airflow/dags/customer360_dag.py", line 52, in task_load_csv_to_staging
    etl.load_csv_to_staging(CSV_PATH)
AttributeError: module 'postgresql' has no attribute 'load_csv_to_staging'
[2026-09-21T15:22:10.574+0000] {taskinstance.py:1205} INFO - Marking task as UP_FOR_RETRY. dag_id=customer360_etl_pipeline, task_id=load_csv_to_staging, execution_date=20260920T080000, start_date=20260921T152210, end_date=20260921T152210
[2026-09-21T15:22:10.586+0000] {standard_task_runner.py:110} ERROR - Failed to execute job 4 for task load_csv_to_staging (module 'postgresql' has no attribute 'load_csv_to_staging'; 261)
[2026-09-21T15:22:10.604+0000] {local_task_job_runner.py:240} INFO - Task exited with return code 1
[2026-09-21T15:22:10.626+0000] {taskinstance.py:3482} INFO - 0 downstream tasks scheduled from follow-on schedule check
[2026-09-21T15:22:10.627+0000] {local_task_job_runner.py:222} INFO - ::endgroup::
