[2026-09-21T15:28:35.073+0000] {local_task_job_runner.py:120} INFO - ::group::Pre task execution logs
[2026-09-21T15:28:35.105+0000] {taskinstance.py:2073} INFO - Dependencies all met for dep_context=non-requeueable deps ti=<TaskInstance: customer360_etl_pipeline.clean_staging manual__2026-09-20T00:00:00+00:00 [queued]>
[2026-09-21T15:28:35.112+0000] {taskinstance.py:2073} INFO - Dependencies all met for dep_context=requeueable deps ti=<TaskInstance: customer360_etl_pipeline.clean_staging manual__2026-09-20T00:00:00+00:00 [queued]>
[2026-09-21T15:28:35.113+0000] {taskinstance.py:2303} INFO - Starting attempt 1 of 2
[2026-09-21T15:28:35.126+0000] {taskinstance.py:2327} INFO - Executing <Task(PythonOperator): clean_staging> on 2026-09-20 00:00:00+00:00
[2026-09-21T15:28:35.130+0000] {standard_task_runner.py:63} INFO - Started process 579 to run task
[2026-09-21T15:28:35.134+0000] {standard_task_runner.py:90} INFO - Running: ['airflow', 'tasks', 'run', 'customer360_etl_pipeline', 'clean_staging', 'manual__2026-09-20T00:00:00+00:00', '--job-id', '9', '--raw', '--subdir', 'DAGS_FOLDER/customer360_dag.py', '--cfg-path', '/tmp/tmpb8cj8qka']
[2026-09-21T15:28:35.136+0000] {standard_task_runner.py:91} INFO - Job 9: Subtask clean_staging
[2026-09-21T15:28:35.209+0000] {task_command.py:426} INFO - Running <TaskInstance: customer360_etl_pipeline.clean_staging manual__2026-09-20T00:00:00+00:00 [running]> on host 186ccd638a63
[2026-09-21T15:28:35.300+0000] {taskinstance.py:2644} INFO - Exporting env vars: AIRFLOW_CTX_DAG_OWNER='airflow' AIRFLOW_CTX_DAG_ID='customer360_etl_pipeline' AIRFLOW_CTX_TASK_ID='clean_staging' AIRFLOW_CTX_EXECUTION_DATE='2026-09-20T00:00:00+00:00' AIRFLOW_CTX_TRY_NUMBER='1' AIRFLOW_CTX_DAG_RUN_ID='manual__2026-09-20T00:00:00+00:00'
[2026-09-21T15:28:35.301+0000] {taskinstance.py:430} INFO - ::endgroup::
[2026-09-21T15:28:35.333+0000] {logging_mixin.py:188} WARNING - /opt/airflow/dags/customer360_dag.py:58 UserWarning: pandas only supports SQLAlchemy connectable (engine/connection) or database string URI or sqlite3 DBAPI2 connection. Other DBAPI2 objects are not tested. Please consider using SQLAlchemy.
[2026-09-21T15:28:35.645+0000] {postgresql.py:235} INFO - 
[2026-09-21T15:28:35.645+0000] {postgresql.py:236} INFO - ============================================================
[2026-09-21T15:28:35.646+0000] {postgresql.py:237} INFO - STEP 3 - SILVER: CLEAN RAW DATA
[2026-09-21T15:28:35.646+0000] {postgresql.py:238} INFO - ============================================================
[2026-09-21T15:28:39.940+0000] {postgresql.py:305} INFO - SILVER CLEANING COMPLETE - 21,499 cleaned records.
[2026-09-21T15:28:40.085+0000] {python.py:237} INFO - Done. Returned value was: None
[2026-09-21T15:28:40.086+0000] {taskinstance.py:441} INFO - ::group::Post task execution logs
[2026-09-21T15:28:40.108+0000] {taskinstance.py:1205} INFO - Marking task as SUCCESS. dag_id=customer360_etl_pipeline, task_id=clean_staging, execution_date=20260920T000000, start_date=20260921T152835, end_date=20260921T152840
[2026-09-21T15:28:40.154+0000] {local_task_job_runner.py:240} INFO - Task exited with return code 0
[2026-09-21T15:28:40.182+0000] {taskinstance.py:3482} INFO - 0 downstream tasks scheduled from follow-on schedule check
[2026-09-21T15:28:40.184+0000] {local_task_job_runner.py:222} INFO - ::endgroup::
