[2026-09-21T15:22:07.306+0000] {manager.py:470} INFO - Processing files using up to 2 processes at a time 
[2026-09-21T15:22:07.307+0000] {manager.py:471} INFO - Process each file at most once every 30 seconds
[2026-09-21T15:22:07.308+0000] {manager.py:472} INFO - Checking for new files in /opt/airflow/dags every 300 seconds
[2026-09-21T15:22:07.308+0000] {manager.py:737} INFO - Searching for files in /opt/airflow/dags
[2026-09-21T15:22:07.320+0000] {manager.py:740} INFO - There are 1 files in /opt/airflow/dags
[2026-09-21T15:22:07.445+0000] {manager.py:878} INFO - 
================================================================================
DAG File Processing Stats

File Path                               PID  Runtime      # DAGs    # Errors  Last Runtime    Last Run
------------------------------------  -----  ---------  --------  ----------  --------------  ----------
/opt/airflow/dags/customer360_dag.py    237  0.07s             0           0
================================================================================
[2026-09-21T15:22:38.135+0000] {manager.py:878} INFO - 
================================================================================
DAG File Processing Stats

File Path                               PID  Runtime      # DAGs    # Errors  Last Runtime    Last Run
------------------------------------  -----  ---------  --------  ----------  --------------  -------------------
/opt/airflow/dags/customer360_dag.py    301  0.01s             1           0  0.59s           2026-09-21T15:22:07
================================================================================
[2026-09-21T15:23:08.590+0000] {manager.py:878} INFO - 
================================================================================
DAG File Processing Stats

File Path                               PID  Runtime      # DAGs    # Errors  Last Runtime    Last Run
------------------------------------  -----  ---------  --------  ----------  --------------  -------------------
/opt/airflow/dags/customer360_dag.py    307  0.02s             1           0  0.25s           2026-09-21T15:22:38
================================================================================
[2026-09-21T15:23:39.006+0000] {manager.py:878} INFO - 
================================================================================
DAG File Processing Stats

File Path                             PID    Runtime      # DAGs    # Errors  Last Runtime    Last Run
------------------------------------  -----  ---------  --------  ----------  --------------  -------------------
/opt/airflow/dags/customer360_dag.py                           1           0  0.48s           2026-09-21T15:23:09
================================================================================
[2026-09-21T15:24:09.078+0000] {manager.py:878} INFO - 
================================================================================
DAG File Processing Stats

File Path                             PID    Runtime      # DAGs    # Errors  Last Runtime    Last Run
------------------------------------  -----  ---------  --------  ----------  --------------  -------------------
/opt/airflow/dags/customer360_dag.py                           1           0  0.46s           2026-09-21T15:23:39
================================================================================
[2026-09-21T15:24:39.447+0000] {manager.py:878} INFO - 
================================================================================
DAG File Processing Stats

File Path                             PID    Runtime      # DAGs    # Errors  Last Runtime    Last Run
------------------------------------  -----  ---------  --------  ----------  --------------  -------------------
/opt/airflow/dags/customer360_dag.py                           1           0  0.32s           2026-09-21T15:24:29
================================================================================
[2026-09-21T15:25:09.960+0000] {manager.py:878} INFO - 
================================================================================
DAG File Processing Stats

File Path                             PID    Runtime      # DAGs    # Errors  Last Runtime    Last Run
------------------------------------  -----  ---------  --------  ----------  --------------  -------------------
/opt/airflow/dags/customer360_dag.py                           1           0  0.59s           2026-09-21T15:25:00
================================================================================
[2026-09-21T15:25:40.544+0000] {manager.py:878} INFO - 
================================================================================
DAG File Processing Stats

File Path                             PID    Runtime      # DAGs    # Errors  Last Runtime    Last Run
------------------------------------  -----  ---------  --------  ----------  --------------  -------------------
/opt/airflow/dags/customer360_dag.py                           1           0  0.35s           2026-09-21T15:25:30
================================================================================
[2026-09-21T15:26:11.152+0000] {manager.py:878} INFO - 
================================================================================
DAG File Processing Stats

File Path                             PID    Runtime      # DAGs    # Errors  Last Runtime    Last Run
------------------------------------  -----  ---------  --------  ----------  --------------  -------------------
/opt/airflow/dags/customer360_dag.py                           1           0  0.32s           2026-09-21T15:26:01
================================================================================
[2026-09-21T15:26:41.617+0000] {manager.py:878} INFO - 
================================================================================
DAG File Processing Stats

File Path                             PID    Runtime      # DAGs    # Errors  Last Runtime    Last Run
------------------------------------  -----  ---------  --------  ----------  --------------  -------------------
/opt/airflow/dags/customer360_dag.py                           1           0  0.25s           2026-09-21T15:26:31
================================================================================
[2026-09-21T15:27:07.394+0000] {manager.py:737} INFO - Searching for files in /opt/airflow/dags
[2026-09-21T15:27:07.402+0000] {manager.py:740} INFO - There are 1 files in /opt/airflow/dags
[2026-09-21T15:27:12.023+0000] {manager.py:878} INFO - 
================================================================================
DAG File Processing Stats

File Path                             PID    Runtime      # DAGs    # Errors  Last Runtime    Last Run
------------------------------------  -----  ---------  --------  ----------  --------------  -------------------
/opt/airflow/dags/customer360_dag.py                           1           0  0.36s           2026-09-21T15:27:02
================================================================================
[2026-09-21T15:27:42.036+0000] {manager.py:878} INFO - 
================================================================================
DAG File Processing Stats

File Path                             PID    Runtime      # DAGs    # Errors  Last Runtime    Last Run
------------------------------------  -----  ---------  --------  ----------  --------------  -------------------
/opt/airflow/dags/customer360_dag.py                           1           0  0.30s           2026-09-21T15:27:32
================================================================================
[2026-09-21T15:28:12.281+0000] {manager.py:878} INFO - 
================================================================================
DAG File Processing Stats

File Path                             PID    Runtime      # DAGs    # Errors  Last Runtime    Last Run
------------------------------------  -----  ---------  --------  ----------  --------------  -------------------
/opt/airflow/dags/customer360_dag.py                           1           0  0.26s           2026-09-21T15:28:03
================================================================================
[2026-09-21T15:28:42.670+0000] {manager.py:878} INFO - 
================================================================================
DAG File Processing Stats

File Path                             PID    Runtime      # DAGs    # Errors  Last Runtime    Last Run
------------------------------------  -----  ---------  --------  ----------  --------------  -------------------
/opt/airflow/dags/customer360_dag.py                           1           0  0.51s           2026-09-21T15:28:34
================================================================================
[2026-09-21T15:29:12.925+0000] {manager.py:878} INFO - 
================================================================================
DAG File Processing Stats

File Path                             PID    Runtime      # DAGs    # Errors  Last Runtime    Last Run
------------------------------------  -----  ---------  --------  ----------  --------------  -------------------
/opt/airflow/dags/customer360_dag.py                           1           0  0.49s           2026-09-21T15:29:04
================================================================================
[2026-09-21T15:29:43.223+0000] {manager.py:878} INFO - 
================================================================================
DAG File Processing Stats

File Path                             PID    Runtime      # DAGs    # Errors  Last Runtime    Last Run
------------------------------------  -----  ---------  --------  ----------  --------------  -------------------
/opt/airflow/dags/customer360_dag.py                           1           0  1.00s           2026-09-21T15:29:36
================================================================================
[2026-09-21T15:30:14.117+0000] {manager.py:878} INFO - 
================================================================================
DAG File Processing Stats

File Path                             PID    Runtime      # DAGs    # Errors  Last Runtime    Last Run
------------------------------------  -----  ---------  --------  ----------  --------------  -------------------
/opt/airflow/dags/customer360_dag.py                           1           0  0.59s           2026-09-21T15:30:07
================================================================================
[2026-09-21T15:30:44.345+0000] {manager.py:878} INFO - 
================================================================================
DAG File Processing Stats

File Path                             PID    Runtime      # DAGs    # Errors  Last Runtime    Last Run
------------------------------------  -----  ---------  --------  ----------  --------------  -------------------
/opt/airflow/dags/customer360_dag.py                           1           0  0.24s           2026-09-21T15:30:37
================================================================================
[2026-09-21T15:31:14.750+0000] {manager.py:878} INFO - 
================================================================================
DAG File Processing Stats

File Path                             PID    Runtime      # DAGs    # Errors  Last Runtime    Last Run
------------------------------------  -----  ---------  --------  ----------  --------------  -------------------
/opt/airflow/dags/customer360_dag.py                           1           0  0.26s           2026-09-21T15:31:07
================================================================================
[2026-09-21T15:31:45.051+0000] {manager.py:878} INFO - 
================================================================================
DAG File Processing Stats

File Path                             PID    Runtime      # DAGs    # Errors  Last Runtime    Last Run
------------------------------------  -----  ---------  --------  ----------  --------------  -------------------
/opt/airflow/dags/customer360_dag.py                           1           0  0.39s           2026-09-21T15:31:38
================================================================================
[2026-09-21T15:32:07.557+0000] {manager.py:737} INFO - Searching for files in /opt/airflow/dags
[2026-09-21T15:32:07.565+0000] {manager.py:740} INFO - There are 1 files in /opt/airflow/dags
[2026-09-21T15:32:15.771+0000] {manager.py:878} INFO - 
================================================================================
DAG File Processing Stats

File Path                             PID    Runtime      # DAGs    # Errors  Last Runtime    Last Run
------------------------------------  -----  ---------  --------  ----------  --------------  -------------------
/opt/airflow/dags/customer360_dag.py                           1           0  1.16s           2026-09-21T15:32:09
================================================================================
[2026-09-21T15:32:45.857+0000] {manager.py:878} INFO - 
================================================================================
DAG File Processing Stats

File Path                             PID    Runtime      # DAGs    # Errors  Last Runtime    Last Run
------------------------------------  -----  ---------  --------  ----------  --------------  -------------------
/opt/airflow/dags/customer360_dag.py                           1           0  0.74s           2026-09-21T15:32:40
================================================================================
[2026-09-21T15:49:19.821+0000] {manager.py:470} INFO - Processing files using up to 2 processes at a time 
[2026-09-21T15:49:19.842+0000] {manager.py:471} INFO - Process each file at most once every 30 seconds
[2026-09-21T15:49:19.847+0000] {manager.py:472} INFO - Checking for new files in /opt/airflow/dags every 300 seconds
[2026-09-21T15:49:19.848+0000] {manager.py:737} INFO - Searching for files in /opt/airflow/dags
[2026-09-21T15:49:19.851+0000] {manager.py:740} INFO - There are 1 files in /opt/airflow/dags
[2026-09-21T15:49:25.930+0000] {manager.py:878} INFO - 
================================================================================
DAG File Processing Stats

File Path                             PID    Runtime      # DAGs    # Errors  Last Runtime    Last Run
------------------------------------  -----  ---------  --------  ----------  --------------  -------------------
/opt/airflow/dags/customer360_dag.py                           1           0  0.28s           2026-09-21T15:49:20
================================================================================
[2026-09-21T15:49:56.372+0000] {manager.py:878} INFO - 
================================================================================
DAG File Processing Stats

File Path                             PID    Runtime      # DAGs    # Errors  Last Runtime    Last Run
------------------------------------  -----  ---------  --------  ----------  --------------  -------------------
/opt/airflow/dags/customer360_dag.py                           1           0  0.22s           2026-09-21T15:49:50
================================================================================
[2026-09-21T15:50:26.690+0000] {manager.py:878} INFO - 
================================================================================
DAG File Processing Stats

File Path                             PID    Runtime      # DAGs    # Errors  Last Runtime    Last Run
------------------------------------  -----  ---------  --------  ----------  --------------  -------------------
/opt/airflow/dags/customer360_dag.py                           1           0  0.16s           2026-09-21T15:50:20
================================================================================
[2026-09-21T15:50:57.030+0000] {manager.py:878} INFO - 
================================================================================
DAG File Processing Stats

File Path                             PID    Runtime      # DAGs    # Errors  Last Runtime    Last Run
------------------------------------  -----  ---------  --------  ----------  --------------  -------------------
/opt/airflow/dags/customer360_dag.py                           1           0  0.24s           2026-09-21T15:50:51
================================================================================
[2026-09-21T15:51:27.281+0000] {manager.py:878} INFO - 
================================================================================
DAG File Processing Stats

File Path                             PID    Runtime      # DAGs    # Errors  Last Runtime    Last Run
------------------------------------  -----  ---------  --------  ----------  --------------  -------------------
/opt/airflow/dags/customer360_dag.py                           1           0  0.16s           2026-09-21T15:51:21
================================================================================
[2026-09-21T15:51:57.582+0000] {manager.py:878} INFO - 
================================================================================
DAG File Processing Stats

File Path                             PID    Runtime      # DAGs    # Errors  Last Runtime    Last Run
------------------------------------  -----  ---------  --------  ----------  --------------  -------------------
/opt/airflow/dags/customer360_dag.py                           1           0  0.18s           2026-09-21T15:51:51
================================================================================
[2026-09-21T15:52:27.831+0000] {manager.py:878} INFO - 
================================================================================
DAG File Processing Stats

File Path                             PID    Runtime      # DAGs    # Errors  Last Runtime    Last Run
------------------------------------  -----  ---------  --------  ----------  --------------  -------------------
/opt/airflow/dags/customer360_dag.py                           1           0  0.16s           2026-09-21T15:52:21
================================================================================
[2026-09-21T15:52:58.118+0000] {manager.py:878} INFO - 
================================================================================
DAG File Processing Stats

File Path                             PID    Runtime      # DAGs    # Errors  Last Runtime    Last Run
------------------------------------  -----  ---------  --------  ----------  --------------  -------------------
/opt/airflow/dags/customer360_dag.py                           1           0  0.28s           2026-09-21T15:52:52
================================================================================
[2026-09-21T15:53:28.491+0000] {manager.py:878} INFO - 
================================================================================
DAG File Processing Stats

File Path                             PID    Runtime      # DAGs    # Errors  Last Runtime    Last Run
------------------------------------  -----  ---------  --------  ----------  --------------  -------------------
/opt/airflow/dags/customer360_dag.py                           1           0  0.16s           2026-09-21T15:53:22
================================================================================
[2026-09-21T15:53:58.706+0000] {manager.py:878} INFO - 
================================================================================
DAG File Processing Stats

File Path                             PID    Runtime      # DAGs    # Errors  Last Runtime    Last Run
------------------------------------  -----  ---------  --------  ----------  --------------  -------------------
/opt/airflow/dags/customer360_dag.py                           1           0  0.15s           2026-09-21T15:53:52
================================================================================
[2026-09-21T15:54:19.865+0000] {manager.py:737} INFO - Searching for files in /opt/airflow/dags
[2026-09-21T15:54:19.870+0000] {manager.py:740} INFO - There are 1 files in /opt/airflow/dags
[2026-09-21T15:54:29.013+0000] {manager.py:878} INFO - 
================================================================================
DAG File Processing Stats

File Path                             PID    Runtime      # DAGs    # Errors  Last Runtime    Last Run
------------------------------------  -----  ---------  --------  ----------  --------------  -------------------
/opt/airflow/dags/customer360_dag.py                           1           0  0.15s           2026-09-21T15:54:23
================================================================================
[2026-09-21T15:54:59.257+0000] {manager.py:878} INFO - 
================================================================================
DAG File Processing Stats

File Path                             PID    Runtime      # DAGs    # Errors  Last Runtime    Last Run
------------------------------------  -----  ---------  --------  ----------  --------------  -------------------
/opt/airflow/dags/customer360_dag.py                           1           0  0.15s           2026-09-21T15:54:53
================================================================================
[2026-09-21T15:55:29.528+0000] {manager.py:878} INFO - 
================================================================================
DAG File Processing Stats

File Path                             PID    Runtime      # DAGs    # Errors  Last Runtime    Last Run
------------------------------------  -----  ---------  --------  ----------  --------------  -------------------
/opt/airflow/dags/customer360_dag.py                           1           0  0.15s           2026-09-21T15:55:23
================================================================================
[2026-09-21T15:55:59.754+0000] {manager.py:878} INFO - 
================================================================================
DAG File Processing Stats

File Path                             PID    Runtime      # DAGs    # Errors  Last Runtime    Last Run
------------------------------------  -----  ---------  --------  ----------  --------------  -------------------
/opt/airflow/dags/customer360_dag.py                           1           0  0.16s           2026-09-21T15:55:53
================================================================================
[2026-09-21T15:56:30.032+0000] {manager.py:878} INFO - 
================================================================================
DAG File Processing Stats

File Path                             PID    Runtime      # DAGs    # Errors  Last Runtime    Last Run
------------------------------------  -----  ---------  --------  ----------  --------------  -------------------
/opt/airflow/dags/customer360_dag.py                           1           0  0.15s           2026-09-21T15:56:24
================================================================================
