{"timestamp":"2026-09-19T14:44:09.311955Z","level":"info","event":"::group::Pre Execute","logger":"task","filename":"task_runner.py","lineno":2412}
{"timestamp":"2026-09-19T14:44:12.654660Z","level":"info","event":"DAG bundles loaded: dags-folder","try_number":1,"run_id":"scheduled__2026-09-19T08:00:00+00:00","dag_id":"customer360_etl_pipeline","ti_id":"01a0ba1f-b8ec-73e0-a657-d80da2d7b67f","task_id":"run_sql_script","map_index":-1,"logger":"airflow.dag_processing.bundles.manager.DagBundlesManager","filename":"manager.py","lineno":304}
{"timestamp":"2026-09-19T14:44:12.655474Z","level":"info","event":"Filling up the DagBag from /opt/airflow/dags/customer360_dag.py","try_number":1,"run_id":"scheduled__2026-09-19T08:00:00+00:00","dag_id":"customer360_etl_pipeline","ti_id":"01a0ba1f-b8ec-73e0-a657-d80da2d7b67f","task_id":"run_sql_script","map_index":-1,"logger":"airflow.dag_processing.dagbag.BundleDagBag","filename":"dagbag.py","lineno":460}
{"timestamp":"2026-09-19T14:44:12.958259Z","level":"warning","event":"The `airflow.operators.python.PythonOperator` attribute is deprecated. Please use `'airflow.providers.standard.operators.python.PythonOperator'`.","category":"UserWarning","filename":"/opt/airflow/dags/customer360_dag.py","lineno":22,"try_number":1,"run_id":"scheduled__2026-09-19T08:00:00+00:00","dag_id":"customer360_etl_pipeline","ti_id":"01a0ba1f-b8ec-73e0-a657-d80da2d7b67f","task_id":"run_sql_script","map_index":-1,"logger":"py.warnings"}
{"timestamp":"2026-09-19T14:44:12.959483Z","level":"info","event":"Worker startup parse complete","bundle_name":"dags-folder","bundle_version":null,"dag_file":"customer360_dag.py","dag_id":"customer360_etl_pipeline","bundle_prepare_ms":1,"dag_file_parse_ms":304,"try_number":1,"run_id":"scheduled__2026-09-19T08:00:00+00:00","ti_id":"01a0ba1f-b8ec-73e0-a657-d80da2d7b67f","task_id":"run_sql_script","map_index":-1,"logger":"task","filename":"task_runner.py","lineno":1073}
{"timestamp":"2026-09-19T14:44:12.987947Z","level":"info","event":"::endgroup::","try_number":1,"run_id":"scheduled__2026-09-19T08:00:00+00:00","dag_id":"customer360_etl_pipeline","ti_id":"01a0ba1f-b8ec-73e0-a657-d80da2d7b67f","task_id":"run_sql_script","map_index":-1,"logger":"task","filename":"task_runner.py","lineno":2232}
{"timestamp":"2026-09-19T14:44:12.990425Z","level":"info","event":"Running SQL script: /opt/airflow/Script-16.sql.sql","logger":"root","try_number":1,"run_id":"scheduled__2026-09-19T08:00:00+00:00","dag_id":"customer360_etl_pipeline","ti_id":"01a0ba1f-b8ec-73e0-a657-d80da2d7b67f","task_id":"run_sql_script","map_index":-1,"filename":"postgresql.py","lineno":75}
{"timestamp":"2026-09-19T14:44:13.052851Z","level":"error","event":"psql:/opt/airflow/Script-16.sql.sql:5: NOTICE:  schema \"stg\" already exists, skipping","logger":"task.stderr"}
{"timestamp":"2026-09-19T14:44:13.053137Z","level":"info","event":"CREATE SCHEMA","logger":"task.stdout"}
{"timestamp":"2026-09-19T14:44:13.053470Z","level":"error","event":"psql:/opt/airflow/Script-16.sql.sql:6: NOTICE:  schema \"dwh\" already exists, skipping","logger":"task.stderr"}
{"timestamp":"2026-09-19T14:44:13.053638Z","level":"info","event":"CREATE SCHEMA","logger":"task.stdout"}
{"timestamp":"2026-09-19T14:44:13.054941Z","level":"error","event":"psql:/opt/airflow/Script-16.sql.sql:40: NOTICE:  relation \"stg_activity_extract\" already exists, skipping","logger":"task.stderr"}
{"timestamp":"2026-09-19T14:44:13.055086Z","level":"info","event":"CREATE TABLE","logger":"task.stdout"}
{"timestamp":"2026-09-19T14:44:13.055592Z","level":"error","event":"psql:/opt/airflow/Script-16.sql.sql:62: NOTICE:  relation \"dim_date\" already exists, skipping","logger":"task.stderr"}
{"timestamp":"2026-09-19T14:44:13.055720Z","level":"info","event":"CREATE TABLE","logger":"task.stdout"}
{"timestamp":"2026-09-19T14:44:13.056091Z","level":"error","event":"psql:/opt/airflow/Script-16.sql.sql:73: NOTICE:  relation \"dim_channel\" already exists, skipping","logger":"task.stderr"}
{"timestamp":"2026-09-19T14:44:13.056238Z","level":"info","event":"CREATE TABLE","logger":"task.stdout"}
{"timestamp":"2026-09-19T14:44:13.056580Z","level":"error","event":"psql:/opt/airflow/Script-16.sql.sql:96: NOTICE:  relation \"dim_clients\" already exists, skipping","logger":"task.stderr"}
{"timestamp":"2026-09-19T14:44:13.056742Z","level":"info","event":"CREATE TABLE","logger":"task.stdout"}
{"timestamp":"2026-09-19T14:44:13.057148Z","level":"error","event":"psql:/opt/airflow/Script-16.sql.sql:118: NOTICE:  relation \"dim_accounts\" already exists, skipping","logger":"task.stderr"}
{"timestamp":"2026-09-19T14:44:13.057290Z","level":"info","event":"CREATE TABLE","logger":"task.stdout"}
{"timestamp":"2026-09-19T14:44:13.057647Z","level":"error","event":"psql:/opt/airflow/Script-16.sql.sql:159: NOTICE:  relation \"fct_transactions\" already exists, skipping","logger":"task.stderr"}
{"timestamp":"2026-09-19T14:44:13.057805Z","level":"info","event":"CREATE TABLE","logger":"task.stdout"}
{"timestamp":"2026-09-19T14:44:13.058121Z","level":"error","event":"psql:/opt/airflow/Script-16.sql.sql:193: NOTICE:  relation \"fct_crm_interactions\" already exists, skipping","logger":"task.stderr"}
{"timestamp":"2026-09-19T14:44:13.058235Z","level":"info","event":"CREATE TABLE","logger":"task.stdout"}
{"timestamp":"2026-09-19T14:44:13.062312Z","level":"error","event":"psql:/opt/airflow/Script-16.sql.sql:203: NOTICE:  relation \"idx_fct_tx_date\" already exists, skipping","logger":"task.stderr"}
{"timestamp":"2026-09-19T14:44:13.062551Z","level":"info","event":"CREATE INDEX","logger":"task.stdout"}
{"timestamp":"2026-09-19T14:44:13.063142Z","level":"error","event":"psql:/opt/airflow/Script-16.sql.sql:206: NOTICE:  relation \"idx_fct_tx_client\" already exists, skipping","logger":"task.stderr"}
{"timestamp":"2026-09-19T14:44:13.063297Z","level":"info","event":"CREATE INDEX","logger":"task.stdout"}
{"timestamp":"2026-09-19T14:44:13.063751Z","level":"error","event":"psql:/opt/airflow/Script-16.sql.sql:209: NOTICE:  relation \"idx_fct_tx_account\" already exists, skipping","logger":"task.stderr"}
{"timestamp":"2026-09-19T14:44:13.063849Z","level":"info","event":"CREATE INDEX","logger":"task.stdout"}
{"timestamp":"2026-09-19T14:44:13.064356Z","level":"error","event":"psql:/opt/airflow/Script-16.sql.sql:215: NOTICE:  relation \"idx_fct_crm_client\" already exists, skipping","logger":"task.stderr"}
{"timestamp":"2026-09-19T14:44:13.064448Z","level":"info","event":"CREATE INDEX","logger":"task.stdout"}
{"timestamp":"2026-09-19T14:44:13.064875Z","level":"error","event":"psql:/opt/airflow/Script-16.sql.sql:218: NOTICE:  relation \"idx_fct_crm_date\" already exists, skipping","logger":"task.stderr"}
{"timestamp":"2026-09-19T14:44:13.065113Z","level":"info","event":"CREATE INDEX","logger":"task.stdout"}
{"timestamp":"2026-09-19T14:44:13.066650Z","level":"info","event":"SQL script executed via psql successfully.","logger":"root","try_number":1,"run_id":"scheduled__2026-09-19T08:00:00+00:00","dag_id":"customer360_etl_pipeline","ti_id":"01a0ba1f-b8ec-73e0-a657-d80da2d7b67f","task_id":"run_sql_script","map_index":-1,"filename":"postgresql.py","lineno":92}
{"timestamp":"2026-09-19T14:44:13.066933Z","level":"info","event":"Done. Returned value was: None","try_number":1,"run_id":"scheduled__2026-09-19T08:00:00+00:00","dag_id":"customer360_etl_pipeline","ti_id":"01a0ba1f-b8ec-73e0-a657-d80da2d7b67f","task_id":"run_sql_script","map_index":-1,"logger":"airflow.task.operators.airflow.providers.standard.operators.python.PythonOperator","filename":"python.py","lineno":233}
{"timestamp":"2026-09-19T14:44:13.067104Z","level":"info","event":"::group::Post Execute","try_number":1,"run_id":"scheduled__2026-09-19T08:00:00+00:00","dag_id":"customer360_etl_pipeline","ti_id":"01a0ba1f-b8ec-73e0-a657-d80da2d7b67f","task_id":"run_sql_script","map_index":-1,"logger":"task","filename":"task_runner.py","lineno":1580}
{"timestamp":"2026-09-19T14:44:13.087792Z","level":"info","event":"::endgroup::","try_number":1,"run_id":"scheduled__2026-09-19T08:00:00+00:00","dag_id":"customer360_etl_pipeline","ti_id":"01a0ba1f-b8ec-73e0-a657-d80da2d7b67f","task_id":"run_sql_script","map_index":-1,"logger":"task","filename":"task_runner.py","lineno":2379}
