[2026-09-21T15:49:21.151+0000] {local_task_job_runner.py:120} INFO - ::group::Pre task execution logs
[2026-09-21T15:49:21.165+0000] {taskinstance.py:2073} INFO - Dependencies all met for dep_context=non-requeueable deps ti=<TaskInstance: customer360_etl_pipeline.clean_staging manual__2026-09-21T00:00:00+00:00 [queued]>
[2026-09-21T15:49:21.169+0000] {taskinstance.py:2073} INFO - Dependencies all met for dep_context=requeueable deps ti=<TaskInstance: customer360_etl_pipeline.clean_staging manual__2026-09-21T00:00:00+00:00 [queued]>
[2026-09-21T15:49:21.170+0000] {taskinstance.py:2303} INFO - Starting attempt 1 of 2
[2026-09-21T15:49:21.176+0000] {taskinstance.py:2327} INFO - Executing <Task(PythonOperator): clean_staging> on 2026-09-21 00:00:00+00:00
[2026-09-21T15:49:21.178+0000] {standard_task_runner.py:63} INFO - Started process 257 to run task
[2026-09-21T15:49:21.180+0000] {standard_task_runner.py:90} INFO - Running: ['airflow', 'tasks', 'run', 'customer360_etl_pipeline', 'clean_staging', 'manual__2026-09-21T00:00:00+00:00', '--job-id', '45', '--raw', '--subdir', 'DAGS_FOLDER/customer360_dag.py', '--cfg-path', '/tmp/tmpl3k4_33g']
[2026-09-21T15:49:21.181+0000] {standard_task_runner.py:91} INFO - Job 45: Subtask clean_staging
[2026-09-21T15:49:21.206+0000] {task_command.py:426} INFO - Running <TaskInstance: customer360_etl_pipeline.clean_staging manual__2026-09-21T00:00:00+00:00 [running]> on host 186ccd638a63
[2026-09-21T15:49:21.255+0000] {taskinstance.py:2644} INFO - Exporting env vars: AIRFLOW_CTX_DAG_OWNER='airflow' AIRFLOW_CTX_DAG_ID='customer360_etl_pipeline' AIRFLOW_CTX_TASK_ID='clean_staging' AIRFLOW_CTX_EXECUTION_DATE='2026-09-21T00:00:00+00:00' AIRFLOW_CTX_TRY_NUMBER='1' AIRFLOW_CTX_DAG_RUN_ID='manual__2026-09-21T00:00:00+00:00'
[2026-09-21T15:49:21.256+0000] {taskinstance.py:430} INFO - ::endgroup::
[2026-09-21T15:49:21.277+0000] {logging_mixin.py:188} WARNING - /opt/airflow/dags/customer360_dag.py:58 UserWarning: pandas only supports SQLAlchemy connectable (engine/connection) or database string URI or sqlite3 DBAPI2 connection. Other DBAPI2 objects are not tested. Please consider using SQLAlchemy.
[2026-09-21T15:49:21.450+0000] {postgresql.py:235} INFO - 
[2026-09-21T15:49:21.450+0000] {postgresql.py:236} INFO - ============================================================
[2026-09-21T15:49:21.450+0000] {postgresql.py:237} INFO - STEP 3 - SILVER: CLEAN RAW DATA
[2026-09-21T15:49:21.451+0000] {postgresql.py:238} INFO - ============================================================
[2026-09-21T15:49:23.257+0000] {postgresql.py:305} INFO - SILVER CLEANING COMPLETE - 21,499 cleaned records.
[2026-09-21T15:49:23.332+0000] {python.py:237} INFO - Done. Returned value was: None
[2026-09-21T15:49:23.332+0000] {taskinstance.py:441} INFO - ::group::Post task execution logs
[2026-09-21T15:49:23.336+0000] {taskinstance.py:1205} INFO - Marking task as SUCCESS. dag_id=customer360_etl_pipeline, task_id=clean_staging, execution_date=20260921T000000, start_date=20260921T154921, end_date=20260921T154923
[2026-09-21T15:49:23.362+0000] {local_task_job_runner.py:240} INFO - Task exited with return code 0
[2026-09-21T15:49:23.371+0000] {taskinstance.py:3482} INFO - 1 downstream tasks scheduled from follow-on schedule check
[2026-09-21T15:49:23.372+0000] {local_task_job_runner.py:222} INFO - ::endgroup::
